// Jest Snapshot v1, https://goo.gl/fbAQLP

exports[`Pruebas en el <LoginScreen /> Debe de mostrarse correctamente 1`] = `
<LoginScreen>
  <div>
    <h1>
      LoginScreen
    </h1>
    <hr />
    <pre />
    <button
      className="btn btn-primary"
      onClick={[Function]}
    >
      Login
    </button>
  </div>
</LoginScreen>
`;
